// Jest Snapshot v1, https://goo.gl/fbAQLP

exports[`ArrowDownIcon should match snapshot 1`] = `ShallowWrapper {}`;
